SBY 10:14:22 [formal/capability_bounds_checker] Running SBY with keep_files=prefix, reuse_files=none
SBY 10:14:22 [formal/capability_bounds_checker] Copying 'capability_bounds_checker.sv' to 'formal/capability_bounds_checker/src/capability_bounds_checker.sv'
SBY 10:14:22 [formal/capability_bounds_checker] engine_0: smtbmc z3
SBY 10:14:22 [formal/capability_bounds_checker] base: free: yosys -q -p 'read -formal capability_bounds_checker.sv; prep -top capability_bounds_checker; write_smt2 -wires formal/capability_bounds_checker/model/design.smt2'
SBY 10:14:23 [formal/capability_bounds_checker] base: free: -- running yosys --
SBY 10:14:24 [formal/capability_bounds_checker] engine_0: free: yosys-smtbmc -s z3 -t 20 --dump-vcd formal/capability_bounds_checker/engine_0/trace.vcd --dump-vlogtb formal/capability_bounds_checker/engine_0/trace_tb.v --dump-smtc formal/capability_bounds_checker/engine_0/trace.smtc formal/capability_bounds_checker/model/design.smt2
SBY 10:14:24 [formal/capability_bounds_checker] engine_0: free: -- running yosys-smtbmc --
SBY 10:14:24 [formal/capability_bounds_checker] engine_0: status: ready (current step 0)
SBY 10:14:24 [formal/capability_bounds_checker] engine_0: checking assertions in step 0..
SBY 10:14:24 [formal/capability_bounds_checker] engine_0: checking assertions in step 1..
SBY 10:14:25 [formal/capability_bounds_checker] engine_0: checking assertions in step 2..
SBY 10:14:25 [formal/capability_bounds_checker] engine_0: checking assertions in step 3..
SBY 10:14:25 [formal/capability_bounds_checker] engine_0: checking assertions in step 4..
SBY 10:14:25 [formal/capability_bounds_checker] engine_0: checking assertions in step 5..
SBY 10:14:25 [formal/capability_bounds_checker] engine_0: checking assertions in step 6..
SBY 10:14:25 [formal/capability_bounds_checker] engine_0: checking assertions in step 7..
SBY 10:14:25 [formal/capability_bounds_checker] engine_0: checking assertions in step 8..
SBY 10:14:25 [formal/capability_bounds_checker] engine_0: checking assertions in step 9..
SBY 10:14:25 [formal/capability_bounds_checker] engine_0: checking assertions in step 10..
SBY 10:14:25 [formal/capability_bounds_checker] engine_0: checking assertions in step 11..
SBY 10:14:25 [formal/capability_bounds_checker] engine_0: checking assertions in step 12..
SBY 10:14:26 [formal/capability_bounds_checker] engine_0: checking assertions in step 13..
SBY 10:14:26 [formal/capability_bounds_checker] engine_0: checking assertions in step 14..
SBY 10:14:26 [formal/capability_bounds_checker] engine_0: checking assertions in step 15..
SBY 10:14:26 [formal/capability_bounds_checker] engine_0: checking assertions in step 16..
SBY 10:14:26 [formal/capability_bounds_checker] engine_0: checking assertions in step 17..
SBY 10:14:26 [formal/capability_bounds_checker] engine_0: checking assertions in step 18..
SBY 10:14:26 [formal/capability_bounds_checker] engine_0: checking assertions in step 19..
SBY 10:14:26 [formal/capability_bounds_checker] engine_0: checking assertions in step 20..
SBY 10:14:26 [formal/capability_bounds_checker] engine_0: status: passed
SBY 10:14:26 [formal/capability_bounds_checker] summary: Elapsed process time [00:00:04]
SBY 10:14:26 [formal/capability_bounds_checker] summary: engine_0 (smtbmc z3) returned pass
SBY 10:14:26 [formal/capability_bounds_checker] summary: Successful run: 0 subjobs failed, 1 subjobs passed.
SBY 10:14:26 [formal/capability_bounds_checker] DONE (PASS, clk2fflogic)
